# serializer version: 1
# name: test_basic_ops_config
  dict({
    'execution': dict({
      'config': dict({
        'in_process': dict({
          'marker_to_close': '',
          'retries': dict({
            'disabled': dict({
            }),
            'enabled': dict({
            }),
          }),
          'step_dependency_config': dict({
            'require_upstream_step_success': True,
          }),
        }),
        'multiprocess': dict({
          'max_concurrent': None,
          'retries': dict({
            'disabled': dict({
            }),
            'enabled': dict({
            }),
          }),
          'start_method': dict({
            'forkserver': dict({
              'preload_modules': list([
              ]),
            }),
            'spawn': dict({
            }),
          }),
          'step_dependency_config': dict({
            'require_upstream_step_success': True,
          }),
          'tag_concurrency_limits': list([
          ]),
        }),
      }),
    }),
    'loggers': dict({
      'console': dict({
        'config': dict({
          'log_level': '',
          'name': '',
        }),
      }),
    }),
    'ops': dict({
      'required_field_op': dict({
        'config': dict({
          'required_int': 0,
        }),
      }),
    }),
    'resources': dict({
      'io_manager': dict({
        'config': 'AnyType',
      }),
    }),
  })
# ---
