# serializer version: 1
# name: test_create_execution_plan_with_dep
  '''
  {
    "__class__": "ExecutionPlanSnapshot",
    "artifacts_persisted": true,
    "executor_name": "multi_or_in_process_executor",
    "initial_known_state": {
      "__class__": "KnownExecutionState",
      "dynamic_mappings": {},
      "parent_state": null,
      "previous_retry_attempts": {},
      "ready_outputs": {
        "__frozenset__": []
      },
      "step_output_versions": []
    },
    "pipeline_snapshot_id": "da8c01714b1e44006e9cf334fbe3bc446dd7edcf",
    "snapshot_version": 1,
    "step_keys_to_execute": [
      "op_one",
      "op_two"
    ],
    "steps": [
      {
        "__class__": "ExecutionStepSnap",
        "inputs": [],
        "key": "op_one",
        "kind": {
          "__enum__": "StepKind.COMPUTE"
        },
        "metadata_items": [],
        "outputs": [
          {
            "__class__": "ExecutionStepOutputSnap",
            "dagster_type_key": "Any",
            "name": "result",
            "properties": {
              "__class__": "StepOutputProperties",
              "asset_check_key": null,
              "asset_key": null,
              "is_asset": false,
              "is_asset_partitioned": false,
              "is_dynamic": false,
              "is_required": true,
              "should_materialize": false
            },
            "solid_handle": {
              "__class__": "SolidHandle",
              "name": "op_one",
              "parent": null
            }
          }
        ],
        "solid_handle_id": "op_one",
        "step_handle": {
          "__class__": "StepHandle",
          "key": "op_one",
          "solid_handle": {
            "__class__": "SolidHandle",
            "name": "op_one",
            "parent": null
          }
        },
        "tags": {}
      },
      {
        "__class__": "ExecutionStepSnap",
        "inputs": [
          {
            "__class__": "ExecutionStepInputSnap",
            "dagster_type_key": "Any",
            "name": "num",
            "source": {
              "__class__": "FromStepOutput",
              "fan_in": false,
              "input_name": "",
              "solid_handle": {
                "__class__": "SolidHandle",
                "name": "",
                "parent": null
              },
              "step_output_handle": {
                "__class__": "StepOutputHandle",
                "mapping_key": null,
                "output_name": "result",
                "step_key": "op_one"
              }
            },
            "upstream_output_handles": [
              {
                "__class__": "StepOutputHandle",
                "mapping_key": null,
                "output_name": "result",
                "step_key": "op_one"
              }
            ]
          }
        ],
        "key": "op_two",
        "kind": {
          "__enum__": "StepKind.COMPUTE"
        },
        "metadata_items": [],
        "outputs": [
          {
            "__class__": "ExecutionStepOutputSnap",
            "dagster_type_key": "Any",
            "name": "result",
            "properties": {
              "__class__": "StepOutputProperties",
              "asset_check_key": null,
              "asset_key": null,
              "is_asset": false,
              "is_asset_partitioned": false,
              "is_dynamic": false,
              "is_required": true,
              "should_materialize": false
            },
            "solid_handle": {
              "__class__": "SolidHandle",
              "name": "op_two",
              "parent": null
            }
          }
        ],
        "solid_handle_id": "op_two",
        "step_handle": {
          "__class__": "StepHandle",
          "key": "op_two",
          "solid_handle": {
            "__class__": "SolidHandle",
            "name": "op_two",
            "parent": null
          }
        },
        "tags": {}
      }
    ]
  }
  '''
# ---
# name: test_create_noop_execution_plan
  '''
  {
    "__class__": "ExecutionPlanSnapshot",
    "artifacts_persisted": true,
    "executor_name": "multi_or_in_process_executor",
    "initial_known_state": {
      "__class__": "KnownExecutionState",
      "dynamic_mappings": {},
      "parent_state": null,
      "previous_retry_attempts": {},
      "ready_outputs": {
        "__frozenset__": []
      },
      "step_output_versions": []
    },
    "pipeline_snapshot_id": "2be758e018ad9a646ff3f425bcd0100b6f7c9db5",
    "snapshot_version": 1,
    "step_keys_to_execute": [
      "noop_op"
    ],
    "steps": [
      {
        "__class__": "ExecutionStepSnap",
        "inputs": [],
        "key": "noop_op",
        "kind": {
          "__enum__": "StepKind.COMPUTE"
        },
        "metadata_items": [],
        "outputs": [
          {
            "__class__": "ExecutionStepOutputSnap",
            "dagster_type_key": "Any",
            "name": "result",
            "properties": {
              "__class__": "StepOutputProperties",
              "asset_check_key": null,
              "asset_key": null,
              "is_asset": false,
              "is_asset_partitioned": false,
              "is_dynamic": false,
              "is_required": true,
              "should_materialize": false
            },
            "solid_handle": {
              "__class__": "SolidHandle",
              "name": "noop_op",
              "parent": null
            }
          }
        ],
        "solid_handle_id": "noop_op",
        "step_handle": {
          "__class__": "StepHandle",
          "key": "noop_op",
          "solid_handle": {
            "__class__": "SolidHandle",
            "name": "noop_op",
            "parent": null
          }
        },
        "tags": {}
      }
    ]
  }
  '''
# ---
# name: test_create_noop_execution_plan_with_tags
  '''
  {
    "__class__": "ExecutionPlanSnapshot",
    "artifacts_persisted": true,
    "executor_name": "multi_or_in_process_executor",
    "initial_known_state": {
      "__class__": "KnownExecutionState",
      "dynamic_mappings": {},
      "parent_state": null,
      "previous_retry_attempts": {},
      "ready_outputs": {
        "__frozenset__": []
      },
      "step_output_versions": []
    },
    "pipeline_snapshot_id": "e27e6d43717f02d68975024eeecd407fb2c3ea9e",
    "snapshot_version": 1,
    "step_keys_to_execute": [
      "noop_op"
    ],
    "steps": [
      {
        "__class__": "ExecutionStepSnap",
        "inputs": [],
        "key": "noop_op",
        "kind": {
          "__enum__": "StepKind.COMPUTE"
        },
        "metadata_items": [
          {
            "__class__": "ExecutionPlanMetadataItemSnap",
            "key": "bar",
            "value": "baaz"
          },
          {
            "__class__": "ExecutionPlanMetadataItemSnap",
            "key": "foo",
            "value": "bar"
          }
        ],
        "outputs": [
          {
            "__class__": "ExecutionStepOutputSnap",
            "dagster_type_key": "Any",
            "name": "result",
            "properties": {
              "__class__": "StepOutputProperties",
              "asset_check_key": null,
              "asset_key": null,
              "is_asset": false,
              "is_asset_partitioned": false,
              "is_dynamic": false,
              "is_required": true,
              "should_materialize": false
            },
            "solid_handle": {
              "__class__": "SolidHandle",
              "name": "noop_op",
              "parent": null
            }
          }
        ],
        "solid_handle_id": "noop_op",
        "step_handle": {
          "__class__": "StepHandle",
          "key": "noop_op",
          "solid_handle": {
            "__class__": "SolidHandle",
            "name": "noop_op",
            "parent": null
          }
        },
        "tags": {
          "bar": "baaz",
          "foo": "bar"
        }
      }
    ]
  }
  '''
# ---
# name: test_create_with_graph
  '''
  {
    "__class__": "ExecutionPlanSnapshot",
    "artifacts_persisted": true,
    "executor_name": "multi_or_in_process_executor",
    "initial_known_state": {
      "__class__": "KnownExecutionState",
      "dynamic_mappings": {},
      "parent_state": null,
      "previous_retry_attempts": {},
      "ready_outputs": {
        "__frozenset__": []
      },
      "step_output_versions": []
    },
    "pipeline_snapshot_id": "abd9ab67d88662d348cd56af4d70283f2c09f978",
    "snapshot_version": 1,
    "step_keys_to_execute": [
      "comp_1.return_one",
      "comp_1.add_one",
      "comp_2.return_one",
      "comp_2.add_one",
      "add"
    ],
    "steps": [
      {
        "__class__": "ExecutionStepSnap",
        "inputs": [
          {
            "__class__": "ExecutionStepInputSnap",
            "dagster_type_key": "Any",
            "name": "num_one",
            "source": {
              "__class__": "FromStepOutput",
              "fan_in": false,
              "input_name": "",
              "solid_handle": {
                "__class__": "SolidHandle",
                "name": "",
                "parent": null
              },
              "step_output_handle": {
                "__class__": "StepOutputHandle",
                "mapping_key": null,
                "output_name": "result",
                "step_key": "comp_1.add_one"
              }
            },
            "upstream_output_handles": [
              {
                "__class__": "StepOutputHandle",
                "mapping_key": null,
                "output_name": "result",
                "step_key": "comp_1.add_one"
              }
            ]
          },
          {
            "__class__": "ExecutionStepInputSnap",
            "dagster_type_key": "Any",
            "name": "num_two",
            "source": {
              "__class__": "FromStepOutput",
              "fan_in": false,
              "input_name": "",
              "solid_handle": {
                "__class__": "SolidHandle",
                "name": "",
                "parent": null
              },
              "step_output_handle": {
                "__class__": "StepOutputHandle",
                "mapping_key": null,
                "output_name": "result",
                "step_key": "comp_2.add_one"
              }
            },
            "upstream_output_handles": [
              {
                "__class__": "StepOutputHandle",
                "mapping_key": null,
                "output_name": "result",
                "step_key": "comp_2.add_one"
              }
            ]
          }
        ],
        "key": "add",
        "kind": {
          "__enum__": "StepKind.COMPUTE"
        },
        "metadata_items": [],
        "outputs": [
          {
            "__class__": "ExecutionStepOutputSnap",
            "dagster_type_key": "Any",
            "name": "result",
            "properties": {
              "__class__": "StepOutputProperties",
              "asset_check_key": null,
              "asset_key": null,
              "is_asset": false,
              "is_asset_partitioned": false,
              "is_dynamic": false,
              "is_required": true,
              "should_materialize": false
            },
            "solid_handle": {
              "__class__": "SolidHandle",
              "name": "add",
              "parent": null
            }
          }
        ],
        "solid_handle_id": "add",
        "step_handle": {
          "__class__": "StepHandle",
          "key": "add",
          "solid_handle": {
            "__class__": "SolidHandle",
            "name": "add",
            "parent": null
          }
        },
        "tags": {}
      },
      {
        "__class__": "ExecutionStepSnap",
        "inputs": [
          {
            "__class__": "ExecutionStepInputSnap",
            "dagster_type_key": "Int",
            "name": "num",
            "source": {
              "__class__": "FromStepOutput",
              "fan_in": false,
              "input_name": "",
              "solid_handle": {
                "__class__": "SolidHandle",
                "name": "",
                "parent": null
              },
              "step_output_handle": {
                "__class__": "StepOutputHandle",
                "mapping_key": null,
                "output_name": "out_num",
                "step_key": "comp_1.return_one"
              }
            },
            "upstream_output_handles": [
              {
                "__class__": "StepOutputHandle",
                "mapping_key": null,
                "output_name": "out_num",
                "step_key": "comp_1.return_one"
              }
            ]
          }
        ],
        "key": "comp_1.add_one",
        "kind": {
          "__enum__": "StepKind.COMPUTE"
        },
        "metadata_items": [],
        "outputs": [
          {
            "__class__": "ExecutionStepOutputSnap",
            "dagster_type_key": "Int",
            "name": "result",
            "properties": {
              "__class__": "StepOutputProperties",
              "asset_check_key": null,
              "asset_key": null,
              "is_asset": false,
              "is_asset_partitioned": false,
              "is_dynamic": false,
              "is_required": true,
              "should_materialize": false
            },
            "solid_handle": {
              "__class__": "SolidHandle",
              "name": "add_one",
              "parent": {
                "__class__": "SolidHandle",
                "name": "comp_1",
                "parent": null
              }
            }
          }
        ],
        "solid_handle_id": "comp_1.add_one",
        "step_handle": {
          "__class__": "StepHandle",
          "key": "comp_1.add_one",
          "solid_handle": {
            "__class__": "SolidHandle",
            "name": "add_one",
            "parent": {
              "__class__": "SolidHandle",
              "name": "comp_1",
              "parent": null
            }
          }
        },
        "tags": {}
      },
      {
        "__class__": "ExecutionStepSnap",
        "inputs": [],
        "key": "comp_1.return_one",
        "kind": {
          "__enum__": "StepKind.COMPUTE"
        },
        "metadata_items": [],
        "outputs": [
          {
            "__class__": "ExecutionStepOutputSnap",
            "dagster_type_key": "Int",
            "name": "out_num",
            "properties": {
              "__class__": "StepOutputProperties",
              "asset_check_key": null,
              "asset_key": null,
              "is_asset": false,
              "is_asset_partitioned": false,
              "is_dynamic": false,
              "is_required": true,
              "should_materialize": false
            },
            "solid_handle": {
              "__class__": "SolidHandle",
              "name": "return_one",
              "parent": {
                "__class__": "SolidHandle",
                "name": "comp_1",
                "parent": null
              }
            }
          }
        ],
        "solid_handle_id": "comp_1.return_one",
        "step_handle": {
          "__class__": "StepHandle",
          "key": "comp_1.return_one",
          "solid_handle": {
            "__class__": "SolidHandle",
            "name": "return_one",
            "parent": {
              "__class__": "SolidHandle",
              "name": "comp_1",
              "parent": null
            }
          }
        },
        "tags": {}
      },
      {
        "__class__": "ExecutionStepSnap",
        "inputs": [
          {
            "__class__": "ExecutionStepInputSnap",
            "dagster_type_key": "Int",
            "name": "num",
            "source": {
              "__class__": "FromStepOutput",
              "fan_in": false,
              "input_name": "",
              "solid_handle": {
                "__class__": "SolidHandle",
                "name": "",
                "parent": null
              },
              "step_output_handle": {
                "__class__": "StepOutputHandle",
                "mapping_key": null,
                "output_name": "out_num",
                "step_key": "comp_2.return_one"
              }
            },
            "upstream_output_handles": [
              {
                "__class__": "StepOutputHandle",
                "mapping_key": null,
                "output_name": "out_num",
                "step_key": "comp_2.return_one"
              }
            ]
          }
        ],
        "key": "comp_2.add_one",
        "kind": {
          "__enum__": "StepKind.COMPUTE"
        },
        "metadata_items": [],
        "outputs": [
          {
            "__class__": "ExecutionStepOutputSnap",
            "dagster_type_key": "Int",
            "name": "result",
            "properties": {
              "__class__": "StepOutputProperties",
              "asset_check_key": null,
              "asset_key": null,
              "is_asset": false,
              "is_asset_partitioned": false,
              "is_dynamic": false,
              "is_required": true,
              "should_materialize": false
            },
            "solid_handle": {
              "__class__": "SolidHandle",
              "name": "add_one",
              "parent": {
                "__class__": "SolidHandle",
                "name": "comp_2",
                "parent": null
              }
            }
          }
        ],
        "solid_handle_id": "comp_2.add_one",
        "step_handle": {
          "__class__": "StepHandle",
          "key": "comp_2.add_one",
          "solid_handle": {
            "__class__": "SolidHandle",
            "name": "add_one",
            "parent": {
              "__class__": "SolidHandle",
              "name": "comp_2",
              "parent": null
            }
          }
        },
        "tags": {}
      },
      {
        "__class__": "ExecutionStepSnap",
        "inputs": [],
        "key": "comp_2.return_one",
        "kind": {
          "__enum__": "StepKind.COMPUTE"
        },
        "metadata_items": [],
        "outputs": [
          {
            "__class__": "ExecutionStepOutputSnap",
            "dagster_type_key": "Int",
            "name": "out_num",
            "properties": {
              "__class__": "StepOutputProperties",
              "asset_check_key": null,
              "asset_key": null,
              "is_asset": false,
              "is_asset_partitioned": false,
              "is_dynamic": false,
              "is_required": true,
              "should_materialize": false
            },
            "solid_handle": {
              "__class__": "SolidHandle",
              "name": "return_one",
              "parent": {
                "__class__": "SolidHandle",
                "name": "comp_2",
                "parent": null
              }
            }
          }
        ],
        "solid_handle_id": "comp_2.return_one",
        "step_handle": {
          "__class__": "StepHandle",
          "key": "comp_2.return_one",
          "solid_handle": {
            "__class__": "SolidHandle",
            "name": "return_one",
            "parent": {
              "__class__": "SolidHandle",
              "name": "comp_2",
              "parent": null
            }
          }
        },
        "tags": {}
      }
    ]
  }
  '''
# ---
