# serializer version: 1
# name: test_list_defs_complex_assets_succeeds
  '''
  ┏━━━━━━━━━━━━━━┳━━━━━━━━━━━━━━━━━━━━━━━━━━━━━━━━━━━━━━━━━━━━━━━━━━━━━━━━━━━━━━━━━━━━━━━━━━━━━━━━━━━━━━━━━━━━━━━━━━━━━━━┓
  ┃ Section      ┃ Definitions                                                                                           ┃
  ┡━━━━━━━━━━━━━━╇━━━━━━━━━━━━━━━━━━━━━━━━━━━━━━━━━━━━━━━━━━━━━━━━━━━━━━━━━━━━━━━━━━━━━━━━━━━━━━━━━━━━━━━━━━━━━━━━━━━━━━━┩
  │ Assets       │ ┏━━━━━━━━━┳━━━━━━━━━┳━━━━━━━━━┳━━━━━━━┳━━━━━━━━━━━━━━━━━━━━━━━━━━━━━━━━━━━━━━━━━━━━━━━━━━━━━━━━━━━━━┓ │
  │              │ ┃ Key     ┃ Group   ┃ Deps    ┃ Kinds ┃ Description                                                 ┃ │
  │              │ ┡━━━━━━━━━╇━━━━━━━━━╇━━━━━━━━━╇━━━━━━━╇━━━━━━━━━━━━━━━━━━━━━━━━━━━━━━━━━━━━━━━━━━━━━━━━━━━━━━━━━━━━━┩ │
  │              │ │ alpha   │ group_1 │         │ sling │                                                             │ │
  │              │ ├─────────┼─────────┼─────────┼───────┼─────────────────────────────────────────────────────────────┤ │
  │              │ │ beta    │ group_2 │         │ dbt   │ This is beta.                                               │ │
  │              │ ├─────────┼─────────┼─────────┼───────┼─────────────────────────────────────────────────────────────┤ │
  │              │ │ delta   │ group_2 │ alpha   │ dbt   │                                                             │ │
  │              │ │         │         │ beta    │       │                                                             │ │
  │              │ ├─────────┼─────────┼─────────┼───────┼─────────────────────────────────────────────────────────────┤ │
  │              │ │ epsilon │ group_2 │ delta   │ dbt   │ This is epsilon.                                            │ │
  │              │ ├─────────┼─────────┼─────────┼───────┼─────────────────────────────────────────────────────────────┤ │
  │              │ │ omega   │ default │ alpha   │       │ This is omega asset and it has a very very very long        │ │
  │              │ │         │         │ beta    │       │ description that should be truncated.                       │ │
  │              │ │         │         │ delta   │       │                                                             │ │
  │              │ │         │         │ epsilon │       │ Wow look …                                                  │ │
  │              │ └─────────┴─────────┴─────────┴───────┴─────────────────────────────────────────────────────────────┘ │
  │ Asset Checks │ ┏━━━━━━━━━━━━━━━━━━━━━━━━┳━━━━━━━┳━━━━━━━━━━━━━━━━━━━━━━━━━━━━━━━━━━━┓                                │
  │              │ ┃ Key                    ┃ Deps  ┃ Description                       ┃                                │
  │              │ ┡━━━━━━━━━━━━━━━━━━━━━━━━╇━━━━━━━╇━━━━━━━━━━━━━━━━━━━━━━━━━━━━━━━━━━━┩                                │
  │              │ │ alpha:alpha_beta_check │ alpha │ This check is for alpha and beta. │                                │
  │              │ │                        │ beta  │                                   │                                │
  │              │ ├────────────────────────┼───────┼───────────────────────────────────┤                                │
  │              │ │ alpha:alpha_check      │ alpha │ This check is for alpha.          │                                │
  │              │ └────────────────────────┴───────┴───────────────────────────────────┘                                │
  └──────────────┴───────────────────────────────────────────────────────────────────────────────────────────────────────┘
  '''
# ---
# name: test_list_defs_succeeds[False]
  '''
  ┏━━━━━━━━━━━┳━━━━━━━━━━━━━━━━━━━━━━━━━━━━━━━━━━━━━━━━━━━━━━━━━━━━━━━┓
  ┃ Section   ┃ Definitions                                           ┃
  ┡━━━━━━━━━━━╇━━━━━━━━━━━━━━━━━━━━━━━━━━━━━━━━━━━━━━━━━━━━━━━━━━━━━━━┩
  │ Assets    │ ┏━━━━━━━━━━━━┳━━━━━━━━━┳━━━━━━┳━━━━━━━┳━━━━━━━━━━━━━┓ │
  │           │ ┃ Key        ┃ Group   ┃ Deps ┃ Kinds ┃ Description ┃ │
  │           │ ┡━━━━━━━━━━━━╇━━━━━━━━━╇━━━━━━╇━━━━━━━╇━━━━━━━━━━━━━┩ │
  │           │ │ my_asset_1 │ default │      │       │             │ │
  │           │ ├────────────┼─────────┼──────┼───────┼─────────────┤ │
  │           │ │ my_asset_2 │ default │      │       │             │ │
  │           │ └────────────┴─────────┴──────┴───────┴─────────────┘ │
  │ Jobs      │ ┏━━━━━━━━┳━━━━━━━━━━━━━┓                              │
  │           │ ┃ Key    ┃ Description ┃                              │
  │           │ ┡━━━━━━━━╇━━━━━━━━━━━━━┩                              │
  │           │ │ my_job │             │                              │
  │           │ └────────┴─────────────┘                              │
  │ Schedules │ ┏━━━━━━━━━━━━━┳━━━━━━━━┓                              │
  │           │ ┃ Key         ┃ Cron   ┃                              │
  │           │ ┡━━━━━━━━━━━━━╇━━━━━━━━┩                              │
  │           │ │ my_schedule │ @daily │                              │
  │           │ └─────────────┴────────┘                              │
  │ Sensors   │ ┏━━━━━━━━━━━┓                                         │
  │           │ ┃ Key       ┃                                         │
  │           │ ┡━━━━━━━━━━━┩                                         │
  │           │ │ my_sensor │                                         │
  │           │ └───────────┘                                         │
  │ Resources │ ┏━━━━━━━━━━━━━┓                                       │
  │           │ ┃ Key         ┃                                       │
  │           │ ┡━━━━━━━━━━━━━┩                                       │
  │           │ │ my_resource │                                       │
  │           │ └─────────────┘                                       │
  └───────────┴───────────────────────────────────────────────────────┘
  '''
# ---
# name: test_list_defs_succeeds[True]
  '''
  [
      {
          "key": "my_asset_1",
          "deps": [],
          "kinds": [],
          "group": "default",
          "description": null,
          "automation_condition": null,
          "tags": [],
          "metadata": []
      },
      {
          "key": "my_asset_2",
          "deps": [],
          "kinds": [],
          "group": "default",
          "description": null,
          "automation_condition": null,
          "tags": [],
          "metadata": []
      },
      {
          "name": "my_job",
          "description": null
      },
      {
          "name": "my_schedule",
          "cron_schedule": "@daily"
      },
      {
          "name": "my_sensor"
      },
      {
          "name": "my_resource",
          "type": "foo_bar.defs.mydefs.definitions.MyResource"
      }
  ]
  '''
# ---
# name: test_list_defs_with_env_file_succeeds
  '''
  ┏━━━━━━━━━┳━━━━━━━━━━━━━━━━━━━━━━━━━━━━━━━━━━━━━━━━━━━━━━━━┓
  ┃ Section ┃ Definitions                                    ┃
  ┡━━━━━━━━━╇━━━━━━━━━━━━━━━━━━━━━━━━━━━━━━━━━━━━━━━━━━━━━━━━┩
  │ Assets  │ ┏━━━━━━━┳━━━━━━━┳━━━━━━┳━━━━━━━┳━━━━━━━━━━━━━┓ │
  │         │ ┃ Key   ┃ Group ┃ Deps ┃ Kinds ┃ Description ┃ │
  │         │ ┡━━━━━━━╇━━━━━━━╇━━━━━━╇━━━━━━━╇━━━━━━━━━━━━━┩ │
  │         │ │ alpha │ bar   │      │ sling │             │ │
  │         │ └───────┴───────┴──────┴───────┴─────────────┘ │
  └─────────┴────────────────────────────────────────────────┘
  '''
# ---
